(Program
  (Function
    sinMain
    Unit
    (Block
    )
  )
)
