(Program
  (Function
    main
    Unit
    (Block
      (StmtCall
        putChar
        (ExprVar
          x
        )
      )
    )
  )
)
