(Program
  (Function
    main
    Int
    (Block
    )
  )
)
