(Program
  (Function
    main
    Unit
    (Block
    )
  )
  (Function
    main
    Unit
    (Block
    )
  )
)
