(Program
  (Function
    main
    Unit
    (Block
      (StmtAssign
        x
        (ExprConstNum
          1
        )
      )
      (StmtAssign
        x
        (ExprConstBool
          False
        )
      )
    )
  )
)
