0 div 2 = 0 | 0 mod 2 = 0
1 div 2 = 0 | 1 mod 2 = 1
2 div 2 = 1 | 2 mod 2 = 0
3 div 2 = 1 | 3 mod 2 = 1
4 div 2 = 2 | 4 mod 2 = 0
5 div 2 = 2 | 5 mod 2 = 1
6 div 2 = 3 | 6 mod 2 = 0
7 div 2 = 3 | 7 mod 2 = 1
8 div 2 = 4 | 8 mod 2 = 0
9 div 2 = 4 | 9 mod 2 = 1
0 div 3 = 0 | 0 mod 3 = 0
1 div 3 = 0 | 1 mod 3 = 1
2 div 3 = 0 | 2 mod 3 = 2
3 div 3 = 1 | 3 mod 3 = 0
4 div 3 = 1 | 4 mod 3 = 1
5 div 3 = 1 | 5 mod 3 = 2
6 div 3 = 2 | 6 mod 3 = 0
7 div 3 = 2 | 7 mod 3 = 1
8 div 3 = 2 | 8 mod 3 = 2
9 div 3 = 3 | 9 mod 3 = 0
0 div 7 = 0 | 0 mod 7 = 0
1 div 7 = 0 | 1 mod 7 = 1
2 div 7 = 0 | 2 mod 7 = 2
3 div 7 = 0 | 3 mod 7 = 3
4 div 7 = 0 | 4 mod 7 = 4
5 div 7 = 0 | 5 mod 7 = 5
6 div 7 = 0 | 6 mod 7 = 6
7 div 7 = 1 | 7 mod 7 = 0
8 div 7 = 1 | 8 mod 7 = 1
9 div 7 = 1 | 9 mod 7 = 2
10 div 7 = 1 | 10 mod 7 = 3
11 div 7 = 1 | 11 mod 7 = 4
12 div 7 = 1 | 12 mod 7 = 5
13 div 7 = 1 | 13 mod 7 = 6
14 div 7 = 2 | 14 mod 7 = 0
15 div 7 = 2 | 15 mod 7 = 1
16 div 7 = 2 | 16 mod 7 = 2
17 div 7 = 2 | 17 mod 7 = 3
18 div 7 = 2 | 18 mod 7 = 4
19 div 7 = 2 | 19 mod 7 = 5
20 div 7 = 2 | 20 mod 7 = 6
21 div 7 = 3 | 21 mod 7 = 0
22 div 7 = 3 | 22 mod 7 = 1
23 div 7 = 3 | 23 mod 7 = 2
24 div 7 = 3 | 24 mod 7 = 3
25 div 7 = 3 | 25 mod 7 = 4
26 div 7 = 3 | 26 mod 7 = 5
27 div 7 = 3 | 27 mod 7 = 6
28 div 7 = 4 | 28 mod 7 = 0
29 div 7 = 4 | 29 mod 7 = 1
30 div 7 = 4 | 30 mod 7 = 2
31 div 7 = 4 | 31 mod 7 = 3
32 div 7 = 4 | 32 mod 7 = 4
33 div 7 = 4 | 33 mod 7 = 5
34 div 7 = 4 | 34 mod 7 = 6
35 div 7 = 5 | 35 mod 7 = 0
36 div 7 = 5 | 36 mod 7 = 1
37 div 7 = 5 | 37 mod 7 = 2
38 div 7 = 5 | 38 mod 7 = 3
39 div 7 = 5 | 39 mod 7 = 4
40 div 7 = 5 | 40 mod 7 = 5
41 div 7 = 5 | 41 mod 7 = 6
42 div 7 = 6 | 42 mod 7 = 0
43 div 7 = 6 | 43 mod 7 = 1
44 div 7 = 6 | 44 mod 7 = 2
45 div 7 = 6 | 45 mod 7 = 3
46 div 7 = 6 | 46 mod 7 = 4
47 div 7 = 6 | 47 mod 7 = 5
48 div 7 = 6 | 48 mod 7 = 6
49 div 7 = 7 | 49 mod 7 = 0
50 div 7 = 7 | 50 mod 7 = 1
51 div 7 = 7 | 51 mod 7 = 2
52 div 7 = 7 | 52 mod 7 = 3
53 div 7 = 7 | 53 mod 7 = 4
54 div 7 = 7 | 54 mod 7 = 5
55 div 7 = 7 | 55 mod 7 = 6
56 div 7 = 8 | 56 mod 7 = 0
57 div 7 = 8 | 57 mod 7 = 1
58 div 7 = 8 | 58 mod 7 = 2
59 div 7 = 8 | 59 mod 7 = 3
60 div 7 = 8 | 60 mod 7 = 4
61 div 7 = 8 | 61 mod 7 = 5
62 div 7 = 8 | 62 mod 7 = 6
63 div 7 = 9 | 63 mod 7 = 0
64 div 7 = 9 | 64 mod 7 = 1
65 div 7 = 9 | 65 mod 7 = 2
66 div 7 = 9 | 66 mod 7 = 3
67 div 7 = 9 | 67 mod 7 = 4
68 div 7 = 9 | 68 mod 7 = 5
69 div 7 = 9 | 69 mod 7 = 6
70 div 7 = 10 | 70 mod 7 = 0
71 div 7 = 10 | 71 mod 7 = 1
72 div 7 = 10 | 72 mod 7 = 2
73 div 7 = 10 | 73 mod 7 = 3
74 div 7 = 10 | 74 mod 7 = 4
75 div 7 = 10 | 75 mod 7 = 5
76 div 7 = 10 | 76 mod 7 = 6
77 div 7 = 11 | 77 mod 7 = 0
78 div 7 = 11 | 78 mod 7 = 1
79 div 7 = 11 | 79 mod 7 = 2
80 div 7 = 11 | 80 mod 7 = 3
81 div 7 = 11 | 81 mod 7 = 4
82 div 7 = 11 | 82 mod 7 = 5
83 div 7 = 11 | 83 mod 7 = 6
84 div 7 = 12 | 84 mod 7 = 0
85 div 7 = 12 | 85 mod 7 = 1
86 div 7 = 12 | 86 mod 7 = 2
87 div 7 = 12 | 87 mod 7 = 3
88 div 7 = 12 | 88 mod 7 = 4
89 div 7 = 12 | 89 mod 7 = 5
90 div 7 = 12 | 90 mod 7 = 6
91 div 7 = 13 | 91 mod 7 = 0
92 div 7 = 13 | 92 mod 7 = 1
93 div 7 = 13 | 93 mod 7 = 2
94 div 7 = 13 | 94 mod 7 = 3
95 div 7 = 13 | 95 mod 7 = 4
96 div 7 = 13 | 96 mod 7 = 5
97 div 7 = 13 | 97 mod 7 = 6
98 div 7 = 14 | 98 mod 7 = 0
99 div 7 = 14 | 99 mod 7 = 1
0 div 10 = 0 | 0 mod 10 = 0
1 div 10 = 0 | 1 mod 10 = 1
2 div 10 = 0 | 2 mod 10 = 2
3 div 10 = 0 | 3 mod 10 = 3
4 div 10 = 0 | 4 mod 10 = 4
5 div 10 = 0 | 5 mod 10 = 5
6 div 10 = 0 | 6 mod 10 = 6
7 div 10 = 0 | 7 mod 10 = 7
8 div 10 = 0 | 8 mod 10 = 8
9 div 10 = 0 | 9 mod 10 = 9
10 div 10 = 1 | 10 mod 10 = 0
11 div 10 = 1 | 11 mod 10 = 1
12 div 10 = 1 | 12 mod 10 = 2
13 div 10 = 1 | 13 mod 10 = 3
14 div 10 = 1 | 14 mod 10 = 4
15 div 10 = 1 | 15 mod 10 = 5
16 div 10 = 1 | 16 mod 10 = 6
17 div 10 = 1 | 17 mod 10 = 7
18 div 10 = 1 | 18 mod 10 = 8
19 div 10 = 1 | 19 mod 10 = 9
20 div 10 = 2 | 20 mod 10 = 0
21 div 10 = 2 | 21 mod 10 = 1
22 div 10 = 2 | 22 mod 10 = 2
23 div 10 = 2 | 23 mod 10 = 3
24 div 10 = 2 | 24 mod 10 = 4
25 div 10 = 2 | 25 mod 10 = 5
26 div 10 = 2 | 26 mod 10 = 6
27 div 10 = 2 | 27 mod 10 = 7
28 div 10 = 2 | 28 mod 10 = 8
29 div 10 = 2 | 29 mod 10 = 9
30 div 10 = 3 | 30 mod 10 = 0
31 div 10 = 3 | 31 mod 10 = 1
32 div 10 = 3 | 32 mod 10 = 2
33 div 10 = 3 | 33 mod 10 = 3
34 div 10 = 3 | 34 mod 10 = 4
35 div 10 = 3 | 35 mod 10 = 5
36 div 10 = 3 | 36 mod 10 = 6
37 div 10 = 3 | 37 mod 10 = 7
38 div 10 = 3 | 38 mod 10 = 8
39 div 10 = 3 | 39 mod 10 = 9
40 div 10 = 4 | 40 mod 10 = 0
41 div 10 = 4 | 41 mod 10 = 1
42 div 10 = 4 | 42 mod 10 = 2
43 div 10 = 4 | 43 mod 10 = 3
44 div 10 = 4 | 44 mod 10 = 4
45 div 10 = 4 | 45 mod 10 = 5
46 div 10 = 4 | 46 mod 10 = 6
47 div 10 = 4 | 47 mod 10 = 7
48 div 10 = 4 | 48 mod 10 = 8
49 div 10 = 4 | 49 mod 10 = 9
50 div 10 = 5 | 50 mod 10 = 0
51 div 10 = 5 | 51 mod 10 = 1
52 div 10 = 5 | 52 mod 10 = 2
53 div 10 = 5 | 53 mod 10 = 3
54 div 10 = 5 | 54 mod 10 = 4
55 div 10 = 5 | 55 mod 10 = 5
56 div 10 = 5 | 56 mod 10 = 6
57 div 10 = 5 | 57 mod 10 = 7
58 div 10 = 5 | 58 mod 10 = 8
59 div 10 = 5 | 59 mod 10 = 9
60 div 10 = 6 | 60 mod 10 = 0
61 div 10 = 6 | 61 mod 10 = 1
62 div 10 = 6 | 62 mod 10 = 2
63 div 10 = 6 | 63 mod 10 = 3
64 div 10 = 6 | 64 mod 10 = 4
65 div 10 = 6 | 65 mod 10 = 5
66 div 10 = 6 | 66 mod 10 = 6
67 div 10 = 6 | 67 mod 10 = 7
68 div 10 = 6 | 68 mod 10 = 8
69 div 10 = 6 | 69 mod 10 = 9
70 div 10 = 7 | 70 mod 10 = 0
71 div 10 = 7 | 71 mod 10 = 1
72 div 10 = 7 | 72 mod 10 = 2
73 div 10 = 7 | 73 mod 10 = 3
74 div 10 = 7 | 74 mod 10 = 4
75 div 10 = 7 | 75 mod 10 = 5
76 div 10 = 7 | 76 mod 10 = 6
77 div 10 = 7 | 77 mod 10 = 7
78 div 10 = 7 | 78 mod 10 = 8
79 div 10 = 7 | 79 mod 10 = 9
80 div 10 = 8 | 80 mod 10 = 0
81 div 10 = 8 | 81 mod 10 = 1
82 div 10 = 8 | 82 mod 10 = 2
83 div 10 = 8 | 83 mod 10 = 3
84 div 10 = 8 | 84 mod 10 = 4
85 div 10 = 8 | 85 mod 10 = 5
86 div 10 = 8 | 86 mod 10 = 6
87 div 10 = 8 | 87 mod 10 = 7
88 div 10 = 8 | 88 mod 10 = 8
89 div 10 = 8 | 89 mod 10 = 9
90 div 10 = 9 | 90 mod 10 = 0
91 div 10 = 9 | 91 mod 10 = 1
92 div 10 = 9 | 92 mod 10 = 2
93 div 10 = 9 | 93 mod 10 = 3
94 div 10 = 9 | 94 mod 10 = 4
95 div 10 = 9 | 95 mod 10 = 5
96 div 10 = 9 | 96 mod 10 = 6
97 div 10 = 9 | 97 mod 10 = 7
98 div 10 = 9 | 98 mod 10 = 8
99 div 10 = 9 | 99 mod 10 = 9
