165
85
45
125
25
65
105
145
105
15
15
35
55
75
55
95
135
95
155
135
115
95
115
