---
1 == 1 = True
1 <= 1 = True
1 >= 1 = True
1 < 1 = False
1 > 1 = False
1 != 1 = False
---
---
1 == 2 = False
1 <= 2 = True
1 >= 2 = False
1 < 2 = True
1 > 2 = False
1 != 2 = True
---
---
1 == 3 = False
1 <= 3 = True
1 >= 3 = False
1 < 3 = True
1 > 3 = False
1 != 3 = True
---
---
1 == 4 = False
1 <= 4 = True
1 >= 4 = False
1 < 4 = True
1 > 4 = False
1 != 4 = True
---
---
1 == 5 = False
1 <= 5 = True
1 >= 5 = False
1 < 5 = True
1 > 5 = False
1 != 5 = True
---
---
1 == 6 = False
1 <= 6 = True
1 >= 6 = False
1 < 6 = True
1 > 6 = False
1 != 6 = True
---
---
1 == 7 = False
1 <= 7 = True
1 >= 7 = False
1 < 7 = True
1 > 7 = False
1 != 7 = True
---
---
1 == 8 = False
1 <= 8 = True
1 >= 8 = False
1 < 8 = True
1 > 8 = False
1 != 8 = True
---
---
1 == 9 = False
1 <= 9 = True
1 >= 9 = False
1 < 9 = True
1 > 9 = False
1 != 9 = True
---
---
1 == 10 = False
1 <= 10 = True
1 >= 10 = False
1 < 10 = True
1 > 10 = False
1 != 10 = True
---
---
2 == 1 = False
2 <= 1 = False
2 >= 1 = True
2 < 1 = False
2 > 1 = True
2 != 1 = True
---
---
2 == 2 = True
2 <= 2 = True
2 >= 2 = True
2 < 2 = False
2 > 2 = False
2 != 2 = False
---
---
2 == 3 = False
2 <= 3 = True
2 >= 3 = False
2 < 3 = True
2 > 3 = False
2 != 3 = True
---
---
2 == 4 = False
2 <= 4 = True
2 >= 4 = False
2 < 4 = True
2 > 4 = False
2 != 4 = True
---
---
2 == 5 = False
2 <= 5 = True
2 >= 5 = False
2 < 5 = True
2 > 5 = False
2 != 5 = True
---
---
2 == 6 = False
2 <= 6 = True
2 >= 6 = False
2 < 6 = True
2 > 6 = False
2 != 6 = True
---
---
2 == 7 = False
2 <= 7 = True
2 >= 7 = False
2 < 7 = True
2 > 7 = False
2 != 7 = True
---
---
2 == 8 = False
2 <= 8 = True
2 >= 8 = False
2 < 8 = True
2 > 8 = False
2 != 8 = True
---
---
2 == 9 = False
2 <= 9 = True
2 >= 9 = False
2 < 9 = True
2 > 9 = False
2 != 9 = True
---
---
2 == 10 = False
2 <= 10 = True
2 >= 10 = False
2 < 10 = True
2 > 10 = False
2 != 10 = True
---
---
3 == 1 = False
3 <= 1 = False
3 >= 1 = True
3 < 1 = False
3 > 1 = True
3 != 1 = True
---
---
3 == 2 = False
3 <= 2 = False
3 >= 2 = True
3 < 2 = False
3 > 2 = True
3 != 2 = True
---
---
3 == 3 = True
3 <= 3 = True
3 >= 3 = True
3 < 3 = False
3 > 3 = False
3 != 3 = False
---
---
3 == 4 = False
3 <= 4 = True
3 >= 4 = False
3 < 4 = True
3 > 4 = False
3 != 4 = True
---
---
3 == 5 = False
3 <= 5 = True
3 >= 5 = False
3 < 5 = True
3 > 5 = False
3 != 5 = True
---
---
3 == 6 = False
3 <= 6 = True
3 >= 6 = False
3 < 6 = True
3 > 6 = False
3 != 6 = True
---
---
3 == 7 = False
3 <= 7 = True
3 >= 7 = False
3 < 7 = True
3 > 7 = False
3 != 7 = True
---
---
3 == 8 = False
3 <= 8 = True
3 >= 8 = False
3 < 8 = True
3 > 8 = False
3 != 8 = True
---
---
3 == 9 = False
3 <= 9 = True
3 >= 9 = False
3 < 9 = True
3 > 9 = False
3 != 9 = True
---
---
3 == 10 = False
3 <= 10 = True
3 >= 10 = False
3 < 10 = True
3 > 10 = False
3 != 10 = True
---
---
4 == 1 = False
4 <= 1 = False
4 >= 1 = True
4 < 1 = False
4 > 1 = True
4 != 1 = True
---
---
4 == 2 = False
4 <= 2 = False
4 >= 2 = True
4 < 2 = False
4 > 2 = True
4 != 2 = True
---
---
4 == 3 = False
4 <= 3 = False
4 >= 3 = True
4 < 3 = False
4 > 3 = True
4 != 3 = True
---
---
4 == 4 = True
4 <= 4 = True
4 >= 4 = True
4 < 4 = False
4 > 4 = False
4 != 4 = False
---
---
4 == 5 = False
4 <= 5 = True
4 >= 5 = False
4 < 5 = True
4 > 5 = False
4 != 5 = True
---
---
4 == 6 = False
4 <= 6 = True
4 >= 6 = False
4 < 6 = True
4 > 6 = False
4 != 6 = True
---
---
4 == 7 = False
4 <= 7 = True
4 >= 7 = False
4 < 7 = True
4 > 7 = False
4 != 7 = True
---
---
4 == 8 = False
4 <= 8 = True
4 >= 8 = False
4 < 8 = True
4 > 8 = False
4 != 8 = True
---
---
4 == 9 = False
4 <= 9 = True
4 >= 9 = False
4 < 9 = True
4 > 9 = False
4 != 9 = True
---
---
4 == 10 = False
4 <= 10 = True
4 >= 10 = False
4 < 10 = True
4 > 10 = False
4 != 10 = True
---
---
5 == 1 = False
5 <= 1 = False
5 >= 1 = True
5 < 1 = False
5 > 1 = True
5 != 1 = True
---
---
5 == 2 = False
5 <= 2 = False
5 >= 2 = True
5 < 2 = False
5 > 2 = True
5 != 2 = True
---
---
5 == 3 = False
5 <= 3 = False
5 >= 3 = True
5 < 3 = False
5 > 3 = True
5 != 3 = True
---
---
5 == 4 = False
5 <= 4 = False
5 >= 4 = True
5 < 4 = False
5 > 4 = True
5 != 4 = True
---
---
5 == 5 = True
5 <= 5 = True
5 >= 5 = True
5 < 5 = False
5 > 5 = False
5 != 5 = False
---
---
5 == 6 = False
5 <= 6 = True
5 >= 6 = False
5 < 6 = True
5 > 6 = False
5 != 6 = True
---
---
5 == 7 = False
5 <= 7 = True
5 >= 7 = False
5 < 7 = True
5 > 7 = False
5 != 7 = True
---
---
5 == 8 = False
5 <= 8 = True
5 >= 8 = False
5 < 8 = True
5 > 8 = False
5 != 8 = True
---
---
5 == 9 = False
5 <= 9 = True
5 >= 9 = False
5 < 9 = True
5 > 9 = False
5 != 9 = True
---
---
5 == 10 = False
5 <= 10 = True
5 >= 10 = False
5 < 10 = True
5 > 10 = False
5 != 10 = True
---
---
6 == 1 = False
6 <= 1 = False
6 >= 1 = True
6 < 1 = False
6 > 1 = True
6 != 1 = True
---
---
6 == 2 = False
6 <= 2 = False
6 >= 2 = True
6 < 2 = False
6 > 2 = True
6 != 2 = True
---
---
6 == 3 = False
6 <= 3 = False
6 >= 3 = True
6 < 3 = False
6 > 3 = True
6 != 3 = True
---
---
6 == 4 = False
6 <= 4 = False
6 >= 4 = True
6 < 4 = False
6 > 4 = True
6 != 4 = True
---
---
6 == 5 = False
6 <= 5 = False
6 >= 5 = True
6 < 5 = False
6 > 5 = True
6 != 5 = True
---
---
6 == 6 = True
6 <= 6 = True
6 >= 6 = True
6 < 6 = False
6 > 6 = False
6 != 6 = False
---
---
6 == 7 = False
6 <= 7 = True
6 >= 7 = False
6 < 7 = True
6 > 7 = False
6 != 7 = True
---
---
6 == 8 = False
6 <= 8 = True
6 >= 8 = False
6 < 8 = True
6 > 8 = False
6 != 8 = True
---
---
6 == 9 = False
6 <= 9 = True
6 >= 9 = False
6 < 9 = True
6 > 9 = False
6 != 9 = True
---
---
6 == 10 = False
6 <= 10 = True
6 >= 10 = False
6 < 10 = True
6 > 10 = False
6 != 10 = True
---
---
7 == 1 = False
7 <= 1 = False
7 >= 1 = True
7 < 1 = False
7 > 1 = True
7 != 1 = True
---
---
7 == 2 = False
7 <= 2 = False
7 >= 2 = True
7 < 2 = False
7 > 2 = True
7 != 2 = True
---
---
7 == 3 = False
7 <= 3 = False
7 >= 3 = True
7 < 3 = False
7 > 3 = True
7 != 3 = True
---
---
7 == 4 = False
7 <= 4 = False
7 >= 4 = True
7 < 4 = False
7 > 4 = True
7 != 4 = True
---
---
7 == 5 = False
7 <= 5 = False
7 >= 5 = True
7 < 5 = False
7 > 5 = True
7 != 5 = True
---
---
7 == 6 = False
7 <= 6 = False
7 >= 6 = True
7 < 6 = False
7 > 6 = True
7 != 6 = True
---
---
7 == 7 = True
7 <= 7 = True
7 >= 7 = True
7 < 7 = False
7 > 7 = False
7 != 7 = False
---
---
7 == 8 = False
7 <= 8 = True
7 >= 8 = False
7 < 8 = True
7 > 8 = False
7 != 8 = True
---
---
7 == 9 = False
7 <= 9 = True
7 >= 9 = False
7 < 9 = True
7 > 9 = False
7 != 9 = True
---
---
7 == 10 = False
7 <= 10 = True
7 >= 10 = False
7 < 10 = True
7 > 10 = False
7 != 10 = True
---
---
8 == 1 = False
8 <= 1 = False
8 >= 1 = True
8 < 1 = False
8 > 1 = True
8 != 1 = True
---
---
8 == 2 = False
8 <= 2 = False
8 >= 2 = True
8 < 2 = False
8 > 2 = True
8 != 2 = True
---
---
8 == 3 = False
8 <= 3 = False
8 >= 3 = True
8 < 3 = False
8 > 3 = True
8 != 3 = True
---
---
8 == 4 = False
8 <= 4 = False
8 >= 4 = True
8 < 4 = False
8 > 4 = True
8 != 4 = True
---
---
8 == 5 = False
8 <= 5 = False
8 >= 5 = True
8 < 5 = False
8 > 5 = True
8 != 5 = True
---
---
8 == 6 = False
8 <= 6 = False
8 >= 6 = True
8 < 6 = False
8 > 6 = True
8 != 6 = True
---
---
8 == 7 = False
8 <= 7 = False
8 >= 7 = True
8 < 7 = False
8 > 7 = True
8 != 7 = True
---
---
8 == 8 = True
8 <= 8 = True
8 >= 8 = True
8 < 8 = False
8 > 8 = False
8 != 8 = False
---
---
8 == 9 = False
8 <= 9 = True
8 >= 9 = False
8 < 9 = True
8 > 9 = False
8 != 9 = True
---
---
8 == 10 = False
8 <= 10 = True
8 >= 10 = False
8 < 10 = True
8 > 10 = False
8 != 10 = True
---
---
9 == 1 = False
9 <= 1 = False
9 >= 1 = True
9 < 1 = False
9 > 1 = True
9 != 1 = True
---
---
9 == 2 = False
9 <= 2 = False
9 >= 2 = True
9 < 2 = False
9 > 2 = True
9 != 2 = True
---
---
9 == 3 = False
9 <= 3 = False
9 >= 3 = True
9 < 3 = False
9 > 3 = True
9 != 3 = True
---
---
9 == 4 = False
9 <= 4 = False
9 >= 4 = True
9 < 4 = False
9 > 4 = True
9 != 4 = True
---
---
9 == 5 = False
9 <= 5 = False
9 >= 5 = True
9 < 5 = False
9 > 5 = True
9 != 5 = True
---
---
9 == 6 = False
9 <= 6 = False
9 >= 6 = True
9 < 6 = False
9 > 6 = True
9 != 6 = True
---
---
9 == 7 = False
9 <= 7 = False
9 >= 7 = True
9 < 7 = False
9 > 7 = True
9 != 7 = True
---
---
9 == 8 = False
9 <= 8 = False
9 >= 8 = True
9 < 8 = False
9 > 8 = True
9 != 8 = True
---
---
9 == 9 = True
9 <= 9 = True
9 >= 9 = True
9 < 9 = False
9 > 9 = False
9 != 9 = False
---
---
9 == 10 = False
9 <= 10 = True
9 >= 10 = False
9 < 10 = True
9 > 10 = False
9 != 10 = True
---
---
10 == 1 = False
10 <= 1 = False
10 >= 1 = True
10 < 1 = False
10 > 1 = True
10 != 1 = True
---
---
10 == 2 = False
10 <= 2 = False
10 >= 2 = True
10 < 2 = False
10 > 2 = True
10 != 2 = True
---
---
10 == 3 = False
10 <= 3 = False
10 >= 3 = True
10 < 3 = False
10 > 3 = True
10 != 3 = True
---
---
10 == 4 = False
10 <= 4 = False
10 >= 4 = True
10 < 4 = False
10 > 4 = True
10 != 4 = True
---
---
10 == 5 = False
10 <= 5 = False
10 >= 5 = True
10 < 5 = False
10 > 5 = True
10 != 5 = True
---
---
10 == 6 = False
10 <= 6 = False
10 >= 6 = True
10 < 6 = False
10 > 6 = True
10 != 6 = True
---
---
10 == 7 = False
10 <= 7 = False
10 >= 7 = True
10 < 7 = False
10 > 7 = True
10 != 7 = True
---
---
10 == 8 = False
10 <= 8 = False
10 >= 8 = True
10 < 8 = False
10 > 8 = True
10 != 8 = True
---
---
10 == 9 = False
10 <= 9 = False
10 >= 9 = True
10 < 9 = False
10 > 9 = True
10 != 9 = True
---
---
10 == 10 = True
10 <= 10 = True
10 >= 10 = True
10 < 10 = False
10 > 10 = False
10 != 10 = False
---
