[1, 2, 3]
[2, 4, 6]
[6, 12, 18]
[11, 22, 33, 44, 55, 66, 77, 88, 99]
[22, 44, 66, 88, 110, 132, 154, 176, 198]
[66, 132, 198, 264, 330, 396, 462, 528, 594]
