p0
i1
p2
i3
p4
i5
p6
i7
p8
i9
p10
i11
p12
i13
p14
i15
p16
i17
p18
i19
p20
i21
p22
i23
p24
i25
p26
i27
p28
i29
p30
i31
p32
i33
p34
i35
p36
i37
p38
i39
p40
i41
p42
i43
p44
i45
p46
i47
p48
i49
p50
i51
p52
i53
p54
i55
p56
i57
p58
i59
p60
i61
p62
i63
p64
i65
p66
i67
p68
i69
p70
i71
p72
i73
p74
i75
p76
i77
p78
i79
p80
i81
p82
i83
p84
i85
p86
i87
p88
i89
p90
i91
p92
i93
p94
i95
p96
i97
p98
i99
p100
