USOHPTV
USOGPTV
USMFNTV
USMENTV
UQKDLRV
UQKCLRV
UQIBJRV
UQIAJRV
-
USOPTV
USOGPTV
USMNTV
USMENTV
UQKLRV
UQKCLRV
UQIJRV
UQIAJRV
-
USTV
USTV
USMFNTV
USMENTV
UQRV
UQRV
UQIBJRV
UQIAJRV
-
USTV
USTV
USMNTV
USMENTV
UQRV
UQRV
UQIJRV
UQIAJRV
