[1, 2, 3]
[10, 20, 30]
[11, 22, 33, 44, 55, 66, 77, 88, 99]
