42
42
16
16
16
16
24
24
24
24
24
24
24
24
36
36
36
36
24
24
24
24
36
36
36
36
36
36
36
36
54
54
54
54
24
24
24
24
36
36
36
36
36
36
36
36
54
54
54
54
36
36
36
36
54
54
54
54
54
54
54
54
81
81
81
81
