42
42
42
42
88
88
180
180
364
364
732
732
1468
1468
3262
1794
