[1, 2, 3, 4, 5, 6, 7, 8, 9]
[10, 20, 30, 40, 50, 60, 70, 80, 90]
[11, 22, 33, 44, 55, 66, 77, 88, 99]
[10, 20, 30, 40, 50, 60, 70, 80, 90]
[22, 44, 66, 88, 110, 132, 154, 176, 198]
[10, 20, 30, 40, 50, 60, 70, 80, 90]
[22, 44, 66, 88, 110, 132, 154, 176, 198]
[20, 40, 60, 80, 100, 120, 140, 160, 180]
